#-----------------------------------------------------------
# Vivado v2018.3 (64-bit)
# SW Build 2405991 on Thu Dec  6 23:38:27 MST 2018
# IP Build 2404404 on Fri Dec  7 01:43:56 MST 2018
# Start of session at: Fri Apr  5 16:05:31 2019
# Process ID: 18856
# Current directory: D:/OneDrive/UVA/crypto/AES_implementations/VivadoHLS/PynqZ1AES-AXI-stream128/PynqZ1AES-AXI-stream128.runs/ZynqAES_rst_ps7_0_100M_2_synth_1
# Command line: vivado.exe -log ZynqAES_rst_ps7_0_100M_2.vds -product Vivado -mode batch -messageDb vivado.pb -notrace -source ZynqAES_rst_ps7_0_100M_2.tcl
# Log file: D:/OneDrive/UVA/crypto/AES_implementations/VivadoHLS/PynqZ1AES-AXI-stream128/PynqZ1AES-AXI-stream128.runs/ZynqAES_rst_ps7_0_100M_2_synth_1/ZynqAES_rst_ps7_0_100M_2.vds
# Journal file: D:/OneDrive/UVA/crypto/AES_implementations/VivadoHLS/PynqZ1AES-AXI-stream128/PynqZ1AES-AXI-stream128.runs/ZynqAES_rst_ps7_0_100M_2_synth_1\vivado.jou
#-----------------------------------------------------------
source ZynqAES_rst_ps7_0_100M_2.tcl -notrace
