Copyright 1986-2018 Xilinx, Inc. All Rights Reserved.
-----------------------------------------------------------------------------------------
| Tool Version : Vivado v.2018.3 (win64) Build 2405991 Thu Dec  6 23:38:27 MST 2018
| Date         : Fri Mar  8 17:19:25 2019
| Host         : HPLP-SM7ED running 64-bit major release  (build 9200)
| Command      : report_control_sets -verbose -file ZAES_wrapper_control_sets_placed.rpt
| Design       : ZAES_wrapper
| Device       : xc7z020
-----------------------------------------------------------------------------------------

Control Set Information

Table of Contents
-----------------
1. Summary
2. Histogram
3. Flip-Flop Distribution
4. Detailed Control Set Information

1. Summary
----------

+----------------------------------------------------------+-------+
|                          Status                          | Count |
+----------------------------------------------------------+-------+
| Number of unique control sets                            |    94 |
| Unused register locations in slices containing registers |   123 |
+----------------------------------------------------------+-------+


2. Histogram
------------

+--------+--------------+
| Fanout | Control Sets |
+--------+--------------+
|      1 |            1 |
|      2 |            1 |
|      4 |            3 |
|      5 |            3 |
|      6 |           16 |
|      8 |           23 |
|      9 |            2 |
|     10 |            1 |
|     13 |            1 |
|     14 |            2 |
|    16+ |           41 |
+--------+--------------+


3. Flip-Flop Distribution
-------------------------

+--------------+-----------------------+------------------------+-----------------+--------------+
| Clock Enable | Synchronous Set/Reset | Asynchronous Set/Reset | Total Registers | Total Slices |
+--------------+-----------------------+------------------------+-----------------+--------------+
| No           | No                    | No                     |             122 |           44 |
| No           | No                    | Yes                    |               0 |            0 |
| No           | Yes                   | No                     |             317 |          111 |
| Yes          | No                    | No                     |            3200 |          938 |
| Yes          | No                    | Yes                    |               0 |            0 |
| Yes          | Yes                   | No                     |             702 |          222 |
+--------------+-----------------------+------------------------+-----------------+--------------+


4. Detailed Control Set Information
-----------------------------------

+---------------------------------------------+------------------------------------------------------------------------------------------------------------------------------------------------------------+---------------------------------------------------------------------------------------------------------------------------------------------------+------------------+----------------+
|                 Clock Signal                |                                                                        Enable Signal                                                                       |                                                                  Set/Reset Signal                                                                 | Slice Load Count | Bel Load Count |
+---------------------------------------------+------------------------------------------------------------------------------------------------------------------------------------------------------------+---------------------------------------------------------------------------------------------------------------------------------------------------+------------------+----------------+
|  ZAES_i/processing_system7_0/inst/FCLK_CLK0 | ZAES_i/ps7_0_axi_periph/s00_couplers/auto_pc/inst/gen_axilite.gen_b2s_conv.axilite_b2s/WR.aw_channel_0/aw_cmd_fsm_0/m_axi_awready_1                        | ZAES_i/ps7_0_axi_periph/s00_couplers/auto_pc/inst/gen_axilite.gen_b2s_conv.axilite_b2s/WR.aw_channel_0/aw_cmd_fsm_0/m_axi_awready_0               |                1 |              1 |
|  ZAES_i/processing_system7_0/inst/FCLK_CLK0 | ZAES_i/ps7_0_axi_periph/s00_couplers/auto_pc/inst/gen_axilite.gen_b2s_conv.axilite_b2s/WR.b_channel_0/bid_fifo_0/sel                                       |                                                                                                                                                   |                1 |              2 |
|  ZAES_i/processing_system7_0/inst/FCLK_CLK0 |                                                                                                                                                            | ZAES_i/ps7_0_axi_periph/s00_couplers/auto_pc/inst/gen_axilite.gen_b2s_conv.axilite_b2s/SI_REG/aw.aw_pipe/aresetn_d_reg[0]_0                       |                2 |              4 |
|  ZAES_i/processing_system7_0/inst/FCLK_CLK0 |                                                                                                                                                            | ZAES_i/ps7_0_axi_periph/s00_couplers/auto_pc/inst/gen_axilite.gen_b2s_conv.axilite_b2s/SI_REG/ar.ar_pipe/aresetn_d_reg[1]_inv_0                   |                2 |              4 |
|  ZAES_i/processing_system7_0/inst/FCLK_CLK0 |                                                                                                                                                            | ZAES_i/rst_ps7_0_100M/U0/EXT_LPF/lpf_int                                                                                                          |                2 |              4 |
|  ZAES_i/processing_system7_0/inst/FCLK_CLK0 | ZAES_i/ps7_0_axi_periph/s00_couplers/auto_pc/inst/gen_axilite.gen_b2s_conv.axilite_b2s/RD.ar_channel_0/ar_cmd_fsm_0/m_valid_i_reg                          | ZAES_i/ps7_0_axi_periph/s00_couplers/auto_pc/inst/gen_axilite.gen_b2s_conv.axilite_b2s/RD.ar_channel_0/ar_cmd_fsm_0/FSM_sequential_state_reg[0]_0 |                2 |              5 |
|  ZAES_i/processing_system7_0/inst/FCLK_CLK0 | ZAES_i/ps7_0_axi_periph/s00_couplers/auto_pc/inst/gen_axilite.gen_b2s_conv.axilite_b2s/RD.r_channel_0/rd_data_fifo_0/cnt_read[4]_i_1_n_0                   | ZAES_i/ps7_0_axi_periph/s00_couplers/auto_pc/inst/gen_axilite.gen_b2s_conv.axilite_b2s/areset_d1                                                  |                1 |              5 |
|  ZAES_i/processing_system7_0/inst/FCLK_CLK0 | ZAES_i/ps7_0_axi_periph/s00_couplers/auto_pc/inst/gen_axilite.gen_b2s_conv.axilite_b2s/RD.r_channel_0/rd_data_fifo_0/E[0]                                  | ZAES_i/ps7_0_axi_periph/s00_couplers/auto_pc/inst/gen_axilite.gen_b2s_conv.axilite_b2s/areset_d1                                                  |                2 |              5 |
|  ZAES_i/processing_system7_0/inst/FCLK_CLK0 | ZAES_i/AES_Full_0/inst/AES_Full_AES_s_axi_U/aw_hs                                                                                                          |                                                                                                                                                   |                3 |              6 |
|  ZAES_i/processing_system7_0/inst/FCLK_CLK0 | ZAES_i/AES_Full_0/inst/grp_InvSubBytes_fu_2351/ap_NS_fsm[17]                                                                                               |                                                                                                                                                   |                2 |              6 |
|  ZAES_i/processing_system7_0/inst/FCLK_CLK0 | ZAES_i/AES_Full_0/inst/grp_InvSubBytes_fu_2351/ap_NS_fsm[13]                                                                                               |                                                                                                                                                   |                2 |              6 |
|  ZAES_i/processing_system7_0/inst/FCLK_CLK0 | ZAES_i/rst_ps7_0_100M/U0/SEQ/seq_cnt_en                                                                                                                    | ZAES_i/rst_ps7_0_100M/U0/SEQ/SEQ_COUNTER/clear                                                                                                    |                1 |              6 |
|  ZAES_i/processing_system7_0/inst/FCLK_CLK0 | ZAES_i/AES_Full_0/inst/grp_InvSubBytes_fu_2351/ap_NS_fsm[21]                                                                                               |                                                                                                                                                   |                2 |              6 |
|  ZAES_i/processing_system7_0/inst/FCLK_CLK0 | ZAES_i/AES_Full_0/inst/grp_InvSubBytes_fu_2351/ap_NS_fsm[5]                                                                                                |                                                                                                                                                   |                2 |              6 |
|  ZAES_i/processing_system7_0/inst/FCLK_CLK0 | ZAES_i/AES_Full_0/inst/grp_InvSubBytes_fu_2351/ap_NS_fsm[27]                                                                                               |                                                                                                                                                   |                3 |              6 |
|  ZAES_i/processing_system7_0/inst/FCLK_CLK0 | ZAES_i/AES_Full_0/inst/grp_InvSubBytes_fu_2351/ap_NS_fsm[19]                                                                                               |                                                                                                                                                   |                1 |              6 |
|  ZAES_i/processing_system7_0/inst/FCLK_CLK0 | ZAES_i/AES_Full_0/inst/grp_InvSubBytes_fu_2351/ap_NS_fsm[11]                                                                                               |                                                                                                                                                   |                2 |              6 |
|  ZAES_i/processing_system7_0/inst/FCLK_CLK0 | ZAES_i/AES_Full_0/inst/grp_InvSubBytes_fu_2351/ap_NS_fsm[7]                                                                                                |                                                                                                                                                   |                2 |              6 |
|  ZAES_i/processing_system7_0/inst/FCLK_CLK0 | ZAES_i/AES_Full_0/inst/grp_InvSubBytes_fu_2351/ap_NS_fsm[15]                                                                                               |                                                                                                                                                   |                3 |              6 |
|  ZAES_i/processing_system7_0/inst/FCLK_CLK0 | ZAES_i/AES_Full_0/inst/grp_InvSubBytes_fu_2351/ap_NS_fsm[3]                                                                                                |                                                                                                                                                   |                3 |              6 |
|  ZAES_i/processing_system7_0/inst/FCLK_CLK0 | ZAES_i/AES_Full_0/inst/grp_InvSubBytes_fu_2351/ap_NS_fsm[23]                                                                                               |                                                                                                                                                   |                2 |              6 |
|  ZAES_i/processing_system7_0/inst/FCLK_CLK0 | ZAES_i/AES_Full_0/inst/grp_InvSubBytes_fu_2351/ap_NS_fsm[25]                                                                                               |                                                                                                                                                   |                2 |              6 |
|  ZAES_i/processing_system7_0/inst/FCLK_CLK0 | ZAES_i/AES_Full_0/inst/grp_InvSubBytes_fu_2351/ap_NS_fsm[9]                                                                                                |                                                                                                                                                   |                3 |              6 |
|  ZAES_i/processing_system7_0/inst/FCLK_CLK0 | ZAES_i/AES_Full_0/inst/grp_InvSubBytes_fu_2351/ap_NS_fsm[1]                                                                                                |                                                                                                                                                   |                1 |              6 |
|  ZAES_i/processing_system7_0/inst/FCLK_CLK0 | ZAES_i/ps7_0_axi_periph/s00_couplers/auto_pc/inst/gen_axilite.gen_b2s_conv.axilite_b2s/RD.ar_channel_0/ar_cmd_fsm_0/sel_first_reg[0]                       |                                                                                                                                                   |                3 |              8 |
|  ZAES_i/processing_system7_0/inst/FCLK_CLK0 | ZAES_i/AES_Full_0/inst/AES_Full_AES_s_axi_U/int_Nr[7]_i_1_n_0                                                                                              | ZAES_i/AES_Full_0/inst/grp_InvMixColumns_fu_2436/ap_rst_n_inv                                                                                     |                1 |              8 |
|  ZAES_i/processing_system7_0/inst/FCLK_CLK0 | ZAES_i/AES_Full_0/inst/AES_Full_AES_s_axi_U/rdata[31]_i_2_n_0                                                                                              |                                                                                                                                                   |                4 |              8 |
|  ZAES_i/processing_system7_0/inst/FCLK_CLK0 | ZAES_i/ps7_0_axi_periph/s00_couplers/auto_pc/inst/gen_axilite.gen_b2s_conv.axilite_b2s/WR.b_channel_0/mhandshake_r                                         | ZAES_i/ps7_0_axi_periph/s00_couplers/auto_pc/inst/gen_axilite.gen_b2s_conv.axilite_b2s/WR.b_channel_0/bid_fifo_0/SR[0]                            |                4 |              8 |
|  ZAES_i/processing_system7_0/inst/FCLK_CLK0 | ZAES_i/AES_Full_0/inst/AES_Full_AES_s_axi_U/ap_CS_fsm_reg[121][0]                                                                                          |                                                                                                                                                   |                2 |              8 |
|  ZAES_i/processing_system7_0/inst/FCLK_CLK0 | ZAES_i/AES_Full_0/inst/AES_Full_AES_s_axi_U/ap_CS_fsm_reg[130][0]                                                                                          |                                                                                                                                                   |                3 |              8 |
|  ZAES_i/processing_system7_0/inst/FCLK_CLK0 | ZAES_i/AES_Full_0/inst/AES_Full_AES_s_axi_U/ap_CS_fsm_reg[132][0]                                                                                          |                                                                                                                                                   |                5 |              8 |
|  ZAES_i/processing_system7_0/inst/FCLK_CLK0 | ZAES_i/AES_Full_0/inst/AES_Full_AES_s_axi_U/ap_CS_fsm_reg[13][0]                                                                                           |                                                                                                                                                   |                5 |              8 |
|  ZAES_i/processing_system7_0/inst/FCLK_CLK0 | ZAES_i/AES_Full_0/inst/AES_Full_AES_s_axi_U/ap_CS_fsm_reg[133][0]                                                                                          |                                                                                                                                                   |                4 |              8 |
|  ZAES_i/processing_system7_0/inst/FCLK_CLK0 | ZAES_i/AES_Full_0/inst/AES_Full_AES_s_axi_U/ap_CS_fsm_reg[120][0]                                                                                          |                                                                                                                                                   |                4 |              8 |
|  ZAES_i/processing_system7_0/inst/FCLK_CLK0 | ZAES_i/AES_Full_0/inst/reg_28840                                                                                                                           |                                                                                                                                                   |                4 |              8 |
|  ZAES_i/processing_system7_0/inst/FCLK_CLK0 | ZAES_i/AES_Full_0/inst/reg_28940                                                                                                                           |                                                                                                                                                   |                2 |              8 |
|  ZAES_i/processing_system7_0/inst/FCLK_CLK0 | ZAES_i/AES_Full_0/inst/reg_29140                                                                                                                           |                                                                                                                                                   |                2 |              8 |
|  ZAES_i/processing_system7_0/inst/FCLK_CLK0 | ZAES_i/AES_Full_0/inst/reg_29190                                                                                                                           |                                                                                                                                                   |                4 |              8 |
|  ZAES_i/processing_system7_0/inst/FCLK_CLK0 | ZAES_i/AES_Full_0/inst/reg_28690                                                                                                                           |                                                                                                                                                   |                1 |              8 |
|  ZAES_i/processing_system7_0/inst/FCLK_CLK0 | ZAES_i/AES_Full_0/inst/reg_28890                                                                                                                           |                                                                                                                                                   |                2 |              8 |
|  ZAES_i/processing_system7_0/inst/FCLK_CLK0 | ZAES_i/AES_Full_0/inst/reg_29090                                                                                                                           |                                                                                                                                                   |                2 |              8 |
|  ZAES_i/processing_system7_0/inst/FCLK_CLK0 | ZAES_i/AES_Full_0/inst/AES_Full_AES_s_axi_U/E[0]                                                                                                           |                                                                                                                                                   |                2 |              8 |
|  ZAES_i/processing_system7_0/inst/FCLK_CLK0 | ZAES_i/AES_Full_0/inst/reg_29040                                                                                                                           |                                                                                                                                                   |                4 |              8 |
|  ZAES_i/processing_system7_0/inst/FCLK_CLK0 | ZAES_i/ps7_0_axi_periph/s00_couplers/auto_pc/inst/gen_axilite.gen_b2s_conv.axilite_b2s/WR.aw_channel_0/aw_cmd_fsm_0/E[0]                                   |                                                                                                                                                   |                3 |              8 |
|  ZAES_i/processing_system7_0/inst/FCLK_CLK0 | ZAES_i/AES_Full_0/inst/reg_29440                                                                                                                           |                                                                                                                                                   |                3 |              8 |
|  ZAES_i/processing_system7_0/inst/FCLK_CLK0 | ZAES_i/ps7_0_axi_periph/s00_couplers/auto_pc/inst/gen_axilite.gen_b2s_conv.axilite_b2s/RD.ar_channel_0/ar_cmd_fsm_0/E[0]                                   |                                                                                                                                                   |                3 |              8 |
|  ZAES_i/processing_system7_0/inst/FCLK_CLK0 | ZAES_i/ps7_0_axi_periph/s00_couplers/auto_pc/inst/gen_axilite.gen_b2s_conv.axilite_b2s/WR.aw_channel_0/cmd_translator_0/incr_cmd_0/axaddr_incr[11]_i_1_n_0 |                                                                                                                                                   |                2 |              8 |
|  ZAES_i/processing_system7_0/inst/FCLK_CLK0 | ZAES_i/AES_Full_0/inst/AES_Full_AES_s_axi_U/p_227_in                                                                                                       |                                                                                                                                                   |                4 |              9 |
|  ZAES_i/processing_system7_0/inst/FCLK_CLK0 | ZAES_i/AES_Full_0/inst/grp_SubBytes_fu_2181/E[0]                                                                                                           |                                                                                                                                                   |                3 |              9 |
|  ZAES_i/processing_system7_0/inst/FCLK_CLK0 |                                                                                                                                                            | ZAES_i/ps7_0_axi_periph/s00_couplers/auto_pc/inst/gen_axilite.gen_b2s_conv.axilite_b2s/areset_d1                                                  |                5 |             10 |
|  ZAES_i/processing_system7_0/inst/FCLK_CLK0 | ZAES_i/ps7_0_axi_periph/s00_couplers/auto_pc/inst/gen_axilite.gen_b2s_conv.axilite_b2s/RD.r_channel_0/r_push_r                                             |                                                                                                                                                   |                4 |             13 |
|  ZAES_i/processing_system7_0/inst/FCLK_CLK0 | ZAES_i/ps7_0_axi_periph/s00_couplers/auto_pc/inst/gen_axilite.gen_b2s_conv.axilite_b2s/SI_REG/b.b_pipe/p_1_in                                              |                                                                                                                                                   |                2 |             14 |
|  ZAES_i/processing_system7_0/inst/FCLK_CLK0 | ZAES_i/ps7_0_axi_periph/s00_couplers/auto_pc/inst/gen_axilite.gen_b2s_conv.axilite_b2s/SI_REG/b.b_pipe/s_ready_i_reg_0                                     |                                                                                                                                                   |                2 |             14 |
|  ZAES_i/processing_system7_0/inst/FCLK_CLK0 | ZAES_i/ps7_0_axi_periph/s00_couplers/auto_pc/inst/gen_axilite.gen_b2s_conv.axilite_b2s/WR.aw_channel_0/aw_cmd_fsm_0/b_push                                 |                                                                                                                                                   |                3 |             16 |
|  ZAES_i/processing_system7_0/inst/FCLK_CLK0 | ZAES_i/ps7_0_axi_periph/s00_couplers/auto_pc/inst/gen_axilite.gen_b2s_conv.axilite_b2s/RD.ar_channel_0/ar_cmd_fsm_0/m_valid_i_reg                          |                                                                                                                                                   |                7 |             17 |
|  ZAES_i/processing_system7_0/inst/FCLK_CLK0 | ZAES_i/ps7_0_axi_periph/s00_couplers/auto_pc/inst/gen_axilite.gen_b2s_conv.axilite_b2s/WR.aw_channel_0/aw_cmd_fsm_0/m_axi_awready_1                        |                                                                                                                                                   |                7 |             21 |
|  ZAES_i/processing_system7_0/inst/FCLK_CLK0 | ZAES_i/AES_Full_0/inst/AES_Full_AES_s_axi_U/rdata[31]_i_2_n_0                                                                                              | ZAES_i/AES_Full_0/inst/AES_Full_AES_s_axi_U/rdata[31]_i_1_n_0                                                                                     |                8 |             24 |
|  ZAES_i/processing_system7_0/inst/FCLK_CLK0 | ZAES_i/ps7_0_axi_periph/s00_couplers/auto_pc/inst/gen_axilite.gen_b2s_conv.axilite_b2s/WR.aw_channel_0/aw_cmd_fsm_0/m_valid_i_reg[0]                       |                                                                                                                                                   |                4 |             28 |
|  ZAES_i/processing_system7_0/inst/FCLK_CLK0 | ZAES_i/ps7_0_axi_periph/s00_couplers/auto_pc/inst/gen_axilite.gen_b2s_conv.axilite_b2s/SI_REG/ar.ar_pipe/s_ready_i_reg_0                                   |                                                                                                                                                   |                6 |             28 |
|  ZAES_i/processing_system7_0/inst/FCLK_CLK0 | ZAES_i/ps7_0_axi_periph/s00_couplers/auto_pc/inst/gen_axilite.gen_b2s_conv.axilite_b2s/RD.ar_channel_0/ar_cmd_fsm_0/FSM_sequential_state_reg[1]_0[0]       |                                                                                                                                                   |                5 |             28 |
|  ZAES_i/processing_system7_0/inst/FCLK_CLK0 | ZAES_i/ps7_0_axi_periph/s00_couplers/auto_pc/inst/gen_axilite.gen_b2s_conv.axilite_b2s/SI_REG/aw.aw_pipe/s_ready_i_reg_0                                   |                                                                                                                                                   |                7 |             28 |
|  ZAES_i/processing_system7_0/inst/FCLK_CLK0 | ZAES_i/AES_Full_0/inst/rdata_reg[31]_i_4_n_0                                                                                                               |                                                                                                                                                   |                6 |             32 |
|  ZAES_i/processing_system7_0/inst/FCLK_CLK0 | ZAES_i/ps7_0_axi_periph/s00_couplers/auto_pc/inst/gen_axilite.gen_b2s_conv.axilite_b2s/RD.r_channel_0/rd_data_fifo_0/wr_en0                                |                                                                                                                                                   |                9 |             32 |
|  ZAES_i/processing_system7_0/inst/FCLK_CLK0 | ZAES_i/AES_Full_0/inst/rdata_reg[31]_i_8_n_0                                                                                                               |                                                                                                                                                   |                7 |             32 |
|  ZAES_i/processing_system7_0/inst/FCLK_CLK0 | ZAES_i/AES_Full_0/inst/reg_2869_reg[7]_i_6_n_0                                                                                                             |                                                                                                                                                   |                8 |             32 |
|  ZAES_i/processing_system7_0/inst/FCLK_CLK0 | ZAES_i/ps7_0_axi_periph/s00_couplers/auto_pc/inst/gen_axilite.gen_b2s_conv.axilite_b2s/SI_REG/r.r_pipe/p_1_in                                              |                                                                                                                                                   |                9 |             45 |
|  ZAES_i/processing_system7_0/inst/FCLK_CLK0 | ZAES_i/ps7_0_axi_periph/s00_couplers/auto_pc/inst/gen_axilite.gen_b2s_conv.axilite_b2s/SI_REG/r.r_pipe/s_ready_i_reg_0                                     |                                                                                                                                                   |               10 |             45 |
|  ZAES_i/processing_system7_0/inst/FCLK_CLK0 |                                                                                                                                                            |                                                                                                                                                   |               45 |            123 |
|  ZAES_i/processing_system7_0/inst/FCLK_CLK0 | ZAES_i/AES_Full_0/inst/grp_AddRoundKey_fu_1972/ap_CS_fsm_reg[0]_8[0]                                                                                       |                                                                                                                                                   |               40 |            128 |
|  ZAES_i/processing_system7_0/inst/FCLK_CLK0 | ZAES_i/AES_Full_0/inst/grp_AddRoundKey_fu_1972/E[0]                                                                                                        |                                                                                                                                                   |               26 |            128 |
|  ZAES_i/processing_system7_0/inst/FCLK_CLK0 | ZAES_i/AES_Full_0/inst/grp_MixColumns_fu_2266/ap_ready                                                                                                     | ZAES_i/AES_Full_0/inst/grp_InvMixColumns_fu_2436/ap_rst_n_inv                                                                                     |               48 |            128 |
|  ZAES_i/processing_system7_0/inst/FCLK_CLK0 | ZAES_i/AES_Full_0/inst/grp_MixColumns_fu_2266/E[0]                                                                                                         |                                                                                                                                                   |               51 |            128 |
|  ZAES_i/processing_system7_0/inst/FCLK_CLK0 | ZAES_i/AES_Full_0/inst/grp_AddRoundKey_fu_1972/ap_CS_fsm_reg[0]_3[0]                                                                                       |                                                                                                                                                   |               51 |            128 |
|  ZAES_i/processing_system7_0/inst/FCLK_CLK0 | ZAES_i/AES_Full_0/inst/grp_InvMixColumns_fu_2436/grp_InvMixColumns_fu_2436_ap_ready                                                                        | ZAES_i/AES_Full_0/inst/grp_InvMixColumns_fu_2436/ap_rst_n_inv                                                                                     |               66 |            128 |
|  ZAES_i/processing_system7_0/inst/FCLK_CLK0 | ZAES_i/AES_Full_0/inst/grp_InvMixColumns_fu_2436/E[0]                                                                                                      |                                                                                                                                                   |               34 |            128 |
|  ZAES_i/processing_system7_0/inst/FCLK_CLK0 | ZAES_i/AES_Full_0/inst/grp_InvSubBytes_fu_2351/E[0]                                                                                                        |                                                                                                                                                   |               22 |            128 |
|  ZAES_i/processing_system7_0/inst/FCLK_CLK0 | ZAES_i/AES_Full_0/inst/grp_InvSubBytes_fu_2351/grp_InvSubBytes_fu_2351_ap_ready                                                                            | ZAES_i/AES_Full_0/inst/grp_InvMixColumns_fu_2436/ap_rst_n_inv                                                                                     |               23 |            128 |
|  ZAES_i/processing_system7_0/inst/FCLK_CLK0 | ZAES_i/AES_Full_0/inst/grp_SubBytes_fu_2181/ap_CS_fsm_reg[193][0]                                                                                          |                                                                                                                                                   |               30 |            128 |
|  ZAES_i/processing_system7_0/inst/FCLK_CLK0 | ZAES_i/AES_Full_0/inst/grp_AddRoundKey_fu_1972/ap_CS_fsm_reg[0]_4[0]                                                                                       |                                                                                                                                                   |               43 |            128 |
|  ZAES_i/processing_system7_0/inst/FCLK_CLK0 | ZAES_i/AES_Full_0/inst/grp_AddRoundKey_fu_1972/ap_CS_fsm_reg[0]_13[0]                                                                                      |                                                                                                                                                   |               31 |            128 |
|  ZAES_i/processing_system7_0/inst/FCLK_CLK0 | ZAES_i/AES_Full_0/inst/grp_AddRoundKey_fu_1972/ap_CS_fsm_reg[0]_6[0]                                                                                       |                                                                                                                                                   |               39 |            128 |
|  ZAES_i/processing_system7_0/inst/FCLK_CLK0 | ZAES_i/AES_Full_0/inst/grp_AddRoundKey_fu_1972/ap_CS_fsm_reg[0]_11[0]                                                                                      |                                                                                                                                                   |               33 |            128 |
|  ZAES_i/processing_system7_0/inst/FCLK_CLK0 | ZAES_i/AES_Full_0/inst/grp_AddRoundKey_fu_1972/ap_CS_fsm_reg[0]_5[0]                                                                                       |                                                                                                                                                   |               47 |            128 |
|  ZAES_i/processing_system7_0/inst/FCLK_CLK0 | ZAES_i/AES_Full_0/inst/grp_AddRoundKey_fu_1972/ap_CS_fsm_reg[0]_2[0]                                                                                       |                                                                                                                                                   |               28 |            128 |
|  ZAES_i/processing_system7_0/inst/FCLK_CLK0 | ZAES_i/AES_Full_0/inst/grp_AddRoundKey_fu_1972/ap_CS_fsm_reg[0]_0[74]                                                                                      |                                                                                                                                                   |               29 |            128 |
|  ZAES_i/processing_system7_0/inst/FCLK_CLK0 | ZAES_i/AES_Full_0/inst/grp_AddRoundKey_fu_1972/ap_CS_fsm_reg[0]_10[0]                                                                                      |                                                                                                                                                   |               48 |            128 |
|  ZAES_i/processing_system7_0/inst/FCLK_CLK0 | ZAES_i/AES_Full_0/inst/grp_AddRoundKey_fu_1972/ap_CS_fsm_reg[0]_12[0]                                                                                      |                                                                                                                                                   |               33 |            128 |
|  ZAES_i/processing_system7_0/inst/FCLK_CLK0 | ZAES_i/AES_Full_0/inst/grp_AddRoundKey_fu_1972/ap_CS_fsm_reg[18][0]                                                                                        |                                                                                                                                                   |               21 |            128 |
|  ZAES_i/processing_system7_0/inst/FCLK_CLK0 | ZAES_i/AES_Full_0/inst/grp_AddRoundKey_fu_1972/grp_AddRoundKey_fu_1972_ap_ready                                                                            | ZAES_i/AES_Full_0/inst/grp_InvMixColumns_fu_2436/ap_rst_n_inv                                                                                     |               35 |            128 |
|  ZAES_i/processing_system7_0/inst/FCLK_CLK0 | ZAES_i/AES_Full_0/inst/grp_AddRoundKey_fu_1972/ap_CS_fsm_reg[0]_7[0]                                                                                       |                                                                                                                                                   |               48 |            128 |
|  ZAES_i/processing_system7_0/inst/FCLK_CLK0 | ZAES_i/AES_Full_0/inst/grp_AddRoundKey_fu_1972/ap_CS_fsm_reg[0]_9[0]                                                                                       |                                                                                                                                                   |               47 |            128 |
|  ZAES_i/processing_system7_0/inst/FCLK_CLK0 | ZAES_i/AES_Full_0/inst/grp_AddRoundKey_fu_1972/ap_CS_fsm_reg[0]_1[0]                                                                                       |                                                                                                                                                   |               53 |            128 |
|  ZAES_i/processing_system7_0/inst/FCLK_CLK0 | ZAES_i/AES_Full_0/inst/grp_SubBytes_fu_2181/grp_SubBytes_fu_2181_ap_ready                                                                                  | ZAES_i/AES_Full_0/inst/grp_InvMixColumns_fu_2436/ap_rst_n_inv                                                                                     |               30 |            128 |
|  ZAES_i/processing_system7_0/inst/FCLK_CLK0 |                                                                                                                                                            | ZAES_i/AES_Full_0/inst/grp_InvMixColumns_fu_2436/ap_rst_n_inv                                                                                     |              100 |            295 |
+---------------------------------------------+------------------------------------------------------------------------------------------------------------------------------------------------------------+---------------------------------------------------------------------------------------------------------------------------------------------------+------------------+----------------+


