Copyright 1986-2018 Xilinx, Inc. All Rights Reserved.
-----------------------------------------------------------------------------------------
| Tool Version : Vivado v.2018.3 (win64) Build 2405991 Thu Dec  6 23:38:27 MST 2018
| Date         : Wed Apr 10 18:42:10 2019
| Host         : HPLP-SM7ED running 64-bit major release  (build 9200)
| Command      : report_control_sets -verbose -file ZAES_wrapper_control_sets_placed.rpt
| Design       : ZAES_wrapper
| Device       : xc7z020
-----------------------------------------------------------------------------------------

Control Set Information

Table of Contents
-----------------
1. Summary
2. Histogram
3. Flip-Flop Distribution
4. Detailed Control Set Information

1. Summary
----------

+----------------------------------------------------------+-------+
|                          Status                          | Count |
+----------------------------------------------------------+-------+
| Number of unique control sets                            |   121 |
| Unused register locations in slices containing registers |   144 |
+----------------------------------------------------------+-------+


2. Histogram
------------

+--------+--------------+
| Fanout | Control Sets |
+--------+--------------+
|      1 |            1 |
|      2 |            1 |
|      4 |            4 |
|      5 |            4 |
|      6 |           16 |
|      7 |            1 |
|      8 |           24 |
|     10 |            1 |
|     12 |            2 |
|     13 |            1 |
|     14 |            2 |
|    16+ |           64 |
+--------+--------------+


3. Flip-Flop Distribution
-------------------------

+--------------+-----------------------+------------------------+-----------------+--------------+
| Clock Enable | Synchronous Set/Reset | Asynchronous Set/Reset | Total Registers | Total Slices |
+--------------+-----------------------+------------------------+-----------------+--------------+
| No           | No                    | No                     |             410 |          189 |
| No           | No                    | Yes                    |               0 |            0 |
| No           | Yes                   | No                     |              64 |           35 |
| Yes          | No                    | No                     |            6522 |         1887 |
| Yes          | No                    | Yes                    |               0 |            0 |
| Yes          | Yes                   | No                     |              68 |           23 |
+--------------+-----------------------+------------------------+-----------------+--------------+


4. Detailed Control Set Information
-----------------------------------

+---------------------------------------------+------------------------------------------------------------------------------------------------------------------------------------------------------------+---------------------------------------------------------------------------------------------------------------------------------------------------+------------------+----------------+
|                 Clock Signal                |                                                                        Enable Signal                                                                       |                                                                  Set/Reset Signal                                                                 | Slice Load Count | Bel Load Count |
+---------------------------------------------+------------------------------------------------------------------------------------------------------------------------------------------------------------+---------------------------------------------------------------------------------------------------------------------------------------------------+------------------+----------------+
|  ZAES_i/processing_system7_0/inst/FCLK_CLK0 | ZAES_i/ps7_0_axi_periph/s00_couplers/auto_pc/inst/gen_axilite.gen_b2s_conv.axilite_b2s/WR.aw_channel_0/aw_cmd_fsm_0/m_axi_awready_1                        | ZAES_i/ps7_0_axi_periph/s00_couplers/auto_pc/inst/gen_axilite.gen_b2s_conv.axilite_b2s/WR.aw_channel_0/aw_cmd_fsm_0/m_axi_awready_0               |                1 |              1 |
|  ZAES_i/processing_system7_0/inst/FCLK_CLK0 | ZAES_i/ps7_0_axi_periph/s00_couplers/auto_pc/inst/gen_axilite.gen_b2s_conv.axilite_b2s/WR.b_channel_0/bid_fifo_0/sel                                       |                                                                                                                                                   |                1 |              2 |
|  ZAES_i/processing_system7_0/inst/FCLK_CLK0 |                                                                                                                                                            | ZAES_i/ps7_0_axi_periph/s00_couplers/auto_pc/inst/gen_axilite.gen_b2s_conv.axilite_b2s/SI_REG/aw.aw_pipe/aresetn_d_reg[0]_0                       |                2 |              4 |
|  ZAES_i/processing_system7_0/inst/FCLK_CLK0 |                                                                                                                                                            | ZAES_i/rst_ps7_0_100M/U0/EXT_LPF/lpf_int                                                                                                          |                2 |              4 |
|  ZAES_i/processing_system7_0/inst/FCLK_CLK0 |                                                                                                                                                            | ZAES_i/ps7_0_axi_periph/s00_couplers/auto_pc/inst/gen_axilite.gen_b2s_conv.axilite_b2s/SI_REG/ar.ar_pipe/aresetn_d_reg[1]_inv_0                   |                2 |              4 |
|  ZAES_i/processing_system7_0/inst/FCLK_CLK0 | ZAES_i/AES_Full_0/inst/ap_CS_fsm_pp0_stage13                                                                                                               |                                                                                                                                                   |                2 |              4 |
|  ZAES_i/processing_system7_0/inst/FCLK_CLK0 | ZAES_i/ps7_0_axi_periph/s00_couplers/auto_pc/inst/gen_axilite.gen_b2s_conv.axilite_b2s/RD.ar_channel_0/ar_cmd_fsm_0/m_valid_i_reg                          | ZAES_i/ps7_0_axi_periph/s00_couplers/auto_pc/inst/gen_axilite.gen_b2s_conv.axilite_b2s/RD.ar_channel_0/ar_cmd_fsm_0/FSM_sequential_state_reg[0]_0 |                2 |              5 |
|  ZAES_i/processing_system7_0/inst/FCLK_CLK0 | ZAES_i/AES_Full_0/inst/ap_CS_fsm_pp0_stage5                                                                                                                |                                                                                                                                                   |                3 |              5 |
|  ZAES_i/processing_system7_0/inst/FCLK_CLK0 | ZAES_i/ps7_0_axi_periph/s00_couplers/auto_pc/inst/gen_axilite.gen_b2s_conv.axilite_b2s/RD.r_channel_0/rd_data_fifo_0/E[0]                                  | ZAES_i/ps7_0_axi_periph/s00_couplers/auto_pc/inst/gen_axilite.gen_b2s_conv.axilite_b2s/areset_d1                                                  |                2 |              5 |
|  ZAES_i/processing_system7_0/inst/FCLK_CLK0 | ZAES_i/ps7_0_axi_periph/s00_couplers/auto_pc/inst/gen_axilite.gen_b2s_conv.axilite_b2s/RD.r_channel_0/rd_data_fifo_0/cnt_read[4]_i_1_n_0                   | ZAES_i/ps7_0_axi_periph/s00_couplers/auto_pc/inst/gen_axilite.gen_b2s_conv.axilite_b2s/areset_d1                                                  |                2 |              5 |
|  ZAES_i/processing_system7_0/inst/FCLK_CLK0 | ZAES_i/AES_Full_0/inst/tmp_151_3_reg_42380                                                                                                                 |                                                                                                                                                   |                1 |              6 |
|  ZAES_i/processing_system7_0/inst/FCLK_CLK0 | ZAES_i/AES_Full_0/inst/tmp_151_9_reg_55720                                                                                                                 |                                                                                                                                                   |                3 |              6 |
|  ZAES_i/processing_system7_0/inst/FCLK_CLK0 | ZAES_i/AES_Full_0/inst/ap_CS_fsm_pp0_stage15                                                                                                               | ZAES_i/AES_Full_0/inst/AES_Full_AES_s_axi_U/ap_rst_n_inv                                                                                          |                4 |              6 |
|  ZAES_i/processing_system7_0/inst/FCLK_CLK0 | ZAES_i/AES_Full_0/inst/tmp_151_5_reg_46480                                                                                                                 |                                                                                                                                                   |                2 |              6 |
|  ZAES_i/processing_system7_0/inst/FCLK_CLK0 | ZAES_i/AES_Full_0/inst/tmp_151_2_reg_40330                                                                                                                 |                                                                                                                                                   |                3 |              6 |
|  ZAES_i/processing_system7_0/inst/FCLK_CLK0 | ZAES_i/AES_Full_0/inst/tmp_151_s_reg_57690                                                                                                                 |                                                                                                                                                   |                3 |              6 |
|  ZAES_i/processing_system7_0/inst/FCLK_CLK0 | ZAES_i/AES_Full_0/inst/tmp_151_6_reg_49010                                                                                                                 |                                                                                                                                                   |                3 |              6 |
|  ZAES_i/processing_system7_0/inst/FCLK_CLK0 | ZAES_i/AES_Full_0/inst/tmp_151_11_reg_61630                                                                                                                |                                                                                                                                                   |                2 |              6 |
|  ZAES_i/processing_system7_0/inst/FCLK_CLK0 | ZAES_i/AES_Full_0/inst/tmp_151_10_reg_59660                                                                                                                |                                                                                                                                                   |                2 |              6 |
|  ZAES_i/processing_system7_0/inst/FCLK_CLK0 | ZAES_i/AES_Full_0/inst/tmp_3_reg_35880                                                                                                                     |                                                                                                                                                   |                3 |              6 |
|  ZAES_i/processing_system7_0/inst/FCLK_CLK0 | ZAES_i/rst_ps7_0_100M/U0/SEQ/seq_cnt_en                                                                                                                    | ZAES_i/rst_ps7_0_100M/U0/SEQ/SEQ_COUNTER/clear                                                                                                    |                1 |              6 |
|  ZAES_i/processing_system7_0/inst/FCLK_CLK0 | ZAES_i/AES_Full_0/inst/p_79_in                                                                                                                             |                                                                                                                                                   |                2 |              6 |
|  ZAES_i/processing_system7_0/inst/FCLK_CLK0 | ZAES_i/AES_Full_0/inst/p_77_in                                                                                                                             |                                                                                                                                                   |                3 |              6 |
|  ZAES_i/processing_system7_0/inst/FCLK_CLK0 | ZAES_i/AES_Full_0/inst/p_80_in                                                                                                                             |                                                                                                                                                   |                3 |              6 |
|  ZAES_i/processing_system7_0/inst/FCLK_CLK0 | ZAES_i/AES_Full_0/inst/tmp_151_8_reg_53750                                                                                                                 |                                                                                                                                                   |                2 |              6 |
|  ZAES_i/processing_system7_0/inst/FCLK_CLK0 | ZAES_i/AES_Full_0/inst/AES_Full_AES_s_axi_U/aw_hs                                                                                                          |                                                                                                                                                   |                3 |              6 |
|  ZAES_i/processing_system7_0/inst/FCLK_CLK0 | ZAES_i/AES_Full_0/inst/ap_CS_fsm_pp0_stage15                                                                                                               |                                                                                                                                                   |                5 |              7 |
|  ZAES_i/processing_system7_0/inst/FCLK_CLK0 | ZAES_i/AES_Full_0/inst/AES_Full_AES_s_axi_U/ap_CS_fsm_reg[12][0]                                                                                           |                                                                                                                                                   |                1 |              8 |
|  ZAES_i/processing_system7_0/inst/FCLK_CLK0 | ZAES_i/AES_Full_0/inst/AES_Full_AES_s_axi_U/ap_CS_fsm_reg[13][0]                                                                                           |                                                                                                                                                   |                2 |              8 |
|  ZAES_i/processing_system7_0/inst/FCLK_CLK0 | ZAES_i/AES_Full_0/inst/AES_Full_AES_s_axi_U/ap_CS_fsm_reg[1][0]                                                                                            |                                                                                                                                                   |                2 |              8 |
|  ZAES_i/processing_system7_0/inst/FCLK_CLK0 | ZAES_i/AES_Full_0/inst/AES_Full_AES_s_axi_U/ap_CS_fsm_reg[2][0]                                                                                            |                                                                                                                                                   |                1 |              8 |
|  ZAES_i/processing_system7_0/inst/FCLK_CLK0 | ZAES_i/AES_Full_0/inst/AES_Full_AES_s_axi_U/ap_CS_fsm_reg[3][0]                                                                                            |                                                                                                                                                   |                2 |              8 |
|  ZAES_i/processing_system7_0/inst/FCLK_CLK0 | ZAES_i/AES_Full_0/inst/AES_Full_AES_s_axi_U/ap_CS_fsm_reg[4][0]                                                                                            |                                                                                                                                                   |                1 |              8 |
|  ZAES_i/processing_system7_0/inst/FCLK_CLK0 | ZAES_i/AES_Full_0/inst/AES_Full_AES_s_axi_U/E[0]                                                                                                           |                                                                                                                                                   |                2 |              8 |
|  ZAES_i/processing_system7_0/inst/FCLK_CLK0 | ZAES_i/AES_Full_0/inst/AES_Full_AES_s_axi_U/ap_CS_fsm_reg[5][0]                                                                                            |                                                                                                                                                   |                1 |              8 |
|  ZAES_i/processing_system7_0/inst/FCLK_CLK0 | ZAES_i/AES_Full_0/inst/AES_Full_AES_s_axi_U/ap_CS_fsm_reg[11][0]                                                                                           |                                                                                                                                                   |                2 |              8 |
|  ZAES_i/processing_system7_0/inst/FCLK_CLK0 | ZAES_i/AES_Full_0/inst/AES_Full_AES_s_axi_U/ap_CS_fsm_reg[6][0]                                                                                            |                                                                                                                                                   |                2 |              8 |
|  ZAES_i/processing_system7_0/inst/FCLK_CLK0 | ZAES_i/AES_Full_0/inst/AES_Full_AES_s_axi_U/ap_CS_fsm_reg[7][0]                                                                                            |                                                                                                                                                   |                3 |              8 |
|  ZAES_i/processing_system7_0/inst/FCLK_CLK0 | ZAES_i/ps7_0_axi_periph/s00_couplers/auto_pc/inst/gen_axilite.gen_b2s_conv.axilite_b2s/WR.aw_channel_0/cmd_translator_0/incr_cmd_0/axaddr_incr[11]_i_1_n_0 |                                                                                                                                                   |                3 |              8 |
|  ZAES_i/processing_system7_0/inst/FCLK_CLK0 | ZAES_i/AES_Full_0/inst/AES_Full_AES_s_axi_U/rdata[31]_i_2_n_0                                                                                              |                                                                                                                                                   |                3 |              8 |
|  ZAES_i/processing_system7_0/inst/FCLK_CLK0 | ZAES_i/ps7_0_axi_periph/s00_couplers/auto_pc/inst/gen_axilite.gen_b2s_conv.axilite_b2s/WR.b_channel_0/mhandshake_r                                         | ZAES_i/ps7_0_axi_periph/s00_couplers/auto_pc/inst/gen_axilite.gen_b2s_conv.axilite_b2s/WR.b_channel_0/bid_fifo_0/SR[0]                            |                3 |              8 |
|  ZAES_i/processing_system7_0/inst/FCLK_CLK0 | ZAES_i/AES_Full_0/inst/AES_Full_AES_s_axi_U/int_Nr[7]_i_1_n_0                                                                                              | ZAES_i/AES_Full_0/inst/AES_Full_AES_s_axi_U/ap_rst_n_inv                                                                                          |                1 |              8 |
|  ZAES_i/processing_system7_0/inst/FCLK_CLK0 | ZAES_i/AES_Full_0/inst/reg_28090                                                                                                                           |                                                                                                                                                   |                2 |              8 |
|  ZAES_i/processing_system7_0/inst/FCLK_CLK0 | ZAES_i/ps7_0_axi_periph/s00_couplers/auto_pc/inst/gen_axilite.gen_b2s_conv.axilite_b2s/RD.ar_channel_0/ar_cmd_fsm_0/sel_first_reg[0]                       |                                                                                                                                                   |                3 |              8 |
|  ZAES_i/processing_system7_0/inst/FCLK_CLK0 | ZAES_i/ps7_0_axi_periph/s00_couplers/auto_pc/inst/gen_axilite.gen_b2s_conv.axilite_b2s/RD.ar_channel_0/ar_cmd_fsm_0/E[0]                                   |                                                                                                                                                   |                4 |              8 |
|  ZAES_i/processing_system7_0/inst/FCLK_CLK0 | ZAES_i/AES_Full_0/inst/AES_Full_AES_s_axi_U/ap_CS_fsm_reg[10][0]                                                                                           |                                                                                                                                                   |                2 |              8 |
|  ZAES_i/processing_system7_0/inst/FCLK_CLK0 | ZAES_i/AES_Full_0/inst/AES_Full_AES_s_axi_U/ap_CS_fsm_reg[8][0]                                                                                            |                                                                                                                                                   |                1 |              8 |
|  ZAES_i/processing_system7_0/inst/FCLK_CLK0 | ZAES_i/AES_Full_0/inst/reg_27970                                                                                                                           |                                                                                                                                                   |                2 |              8 |
|  ZAES_i/processing_system7_0/inst/FCLK_CLK0 | ZAES_i/AES_Full_0/inst/AES_Full_AES_s_axi_U/ap_CS_fsm_reg[14][0]                                                                                           |                                                                                                                                                   |                1 |              8 |
|  ZAES_i/processing_system7_0/inst/FCLK_CLK0 | ZAES_i/AES_Full_0/inst/AES_Full_AES_s_axi_U/ap_CS_fsm_reg[9][0]                                                                                            |                                                                                                                                                   |                2 |              8 |
|  ZAES_i/processing_system7_0/inst/FCLK_CLK0 | ZAES_i/ps7_0_axi_periph/s00_couplers/auto_pc/inst/gen_axilite.gen_b2s_conv.axilite_b2s/WR.aw_channel_0/aw_cmd_fsm_0/E[0]                                   |                                                                                                                                                   |                4 |              8 |
|  ZAES_i/processing_system7_0/inst/FCLK_CLK0 |                                                                                                                                                            | ZAES_i/ps7_0_axi_periph/s00_couplers/auto_pc/inst/gen_axilite.gen_b2s_conv.axilite_b2s/areset_d1                                                  |                4 |             10 |
|  ZAES_i/processing_system7_0/inst/FCLK_CLK0 | ZAES_i/AES_Full_0/inst/ap_CS_fsm_pp0_stage6                                                                                                                |                                                                                                                                                   |                3 |             12 |
|  ZAES_i/processing_system7_0/inst/FCLK_CLK0 | ZAES_i/AES_Full_0/inst/ap_CS_fsm_pp0_stage8                                                                                                                |                                                                                                                                                   |                4 |             12 |
|  ZAES_i/processing_system7_0/inst/FCLK_CLK0 | ZAES_i/ps7_0_axi_periph/s00_couplers/auto_pc/inst/gen_axilite.gen_b2s_conv.axilite_b2s/RD.r_channel_0/r_push_r                                             |                                                                                                                                                   |                4 |             13 |
|  ZAES_i/processing_system7_0/inst/FCLK_CLK0 | ZAES_i/ps7_0_axi_periph/s00_couplers/auto_pc/inst/gen_axilite.gen_b2s_conv.axilite_b2s/SI_REG/b.b_pipe/s_ready_i_reg_0                                     |                                                                                                                                                   |                3 |             14 |
|  ZAES_i/processing_system7_0/inst/FCLK_CLK0 | ZAES_i/ps7_0_axi_periph/s00_couplers/auto_pc/inst/gen_axilite.gen_b2s_conv.axilite_b2s/SI_REG/b.b_pipe/p_1_in                                              |                                                                                                                                                   |                2 |             14 |
|  ZAES_i/processing_system7_0/inst/FCLK_CLK0 | ZAES_i/ps7_0_axi_periph/s00_couplers/auto_pc/inst/gen_axilite.gen_b2s_conv.axilite_b2s/WR.aw_channel_0/aw_cmd_fsm_0/b_push                                 |                                                                                                                                                   |                3 |             16 |
|  ZAES_i/processing_system7_0/inst/FCLK_CLK0 | ZAES_i/AES_Full_0/inst/ap_CS_fsm_pp0_stage9                                                                                                                |                                                                                                                                                   |                5 |             16 |
|  ZAES_i/processing_system7_0/inst/FCLK_CLK0 | ZAES_i/ps7_0_axi_periph/s00_couplers/auto_pc/inst/gen_axilite.gen_b2s_conv.axilite_b2s/RD.ar_channel_0/ar_cmd_fsm_0/m_valid_i_reg                          |                                                                                                                                                   |                6 |             17 |
|  ZAES_i/processing_system7_0/inst/FCLK_CLK0 | ZAES_i/ps7_0_axi_periph/s00_couplers/auto_pc/inst/gen_axilite.gen_b2s_conv.axilite_b2s/WR.aw_channel_0/aw_cmd_fsm_0/m_axi_awready_1                        |                                                                                                                                                   |                9 |             21 |
|  ZAES_i/processing_system7_0/inst/FCLK_CLK0 | ZAES_i/AES_Full_0/inst/ap_CS_fsm_pp0_stage7                                                                                                                |                                                                                                                                                   |                8 |             23 |
|  ZAES_i/processing_system7_0/inst/FCLK_CLK0 | ZAES_i/AES_Full_0/inst/AES_Full_AES_s_axi_U/rdata[31]_i_2_n_0                                                                                              | ZAES_i/AES_Full_0/inst/AES_Full_AES_s_axi_U/rdata[31]_i_1_n_0                                                                                     |                7 |             24 |
|  ZAES_i/processing_system7_0/inst/FCLK_CLK0 | ZAES_i/ps7_0_axi_periph/s00_couplers/auto_pc/inst/gen_axilite.gen_b2s_conv.axilite_b2s/RD.ar_channel_0/ar_cmd_fsm_0/FSM_sequential_state_reg[1]_0[0]       |                                                                                                                                                   |                6 |             28 |
|  ZAES_i/processing_system7_0/inst/FCLK_CLK0 | ZAES_i/ps7_0_axi_periph/s00_couplers/auto_pc/inst/gen_axilite.gen_b2s_conv.axilite_b2s/SI_REG/ar.ar_pipe/s_ready_i_reg_0                                   |                                                                                                                                                   |                6 |             28 |
|  ZAES_i/processing_system7_0/inst/FCLK_CLK0 | ZAES_i/ps7_0_axi_periph/s00_couplers/auto_pc/inst/gen_axilite.gen_b2s_conv.axilite_b2s/SI_REG/aw.aw_pipe/s_ready_i_reg_0                                   |                                                                                                                                                   |                5 |             28 |
|  ZAES_i/processing_system7_0/inst/FCLK_CLK0 | ZAES_i/ps7_0_axi_periph/s00_couplers/auto_pc/inst/gen_axilite.gen_b2s_conv.axilite_b2s/WR.aw_channel_0/aw_cmd_fsm_0/m_valid_i_reg[0]                       |                                                                                                                                                   |                7 |             28 |
|  ZAES_i/processing_system7_0/inst/FCLK_CLK0 | ZAES_i/ps7_0_axi_periph/s00_couplers/auto_pc/inst/gen_axilite.gen_b2s_conv.axilite_b2s/RD.r_channel_0/rd_data_fifo_0/wr_en0                                |                                                                                                                                                   |                8 |             32 |
|  ZAES_i/processing_system7_0/inst/FCLK_CLK0 | ZAES_i/AES_Full_0/inst/rdata_reg[31]_i_4_n_0                                                                                                               |                                                                                                                                                   |                7 |             32 |
|  ZAES_i/processing_system7_0/inst/FCLK_CLK0 | ZAES_i/AES_Full_0/inst/rdata_reg[31]_i_8_n_0                                                                                                               |                                                                                                                                                   |                9 |             32 |
|  ZAES_i/processing_system7_0/inst/FCLK_CLK0 | ZAES_i/AES_Full_0/inst/reg_2722_reg[7]_i_6_n_0                                                                                                             |                                                                                                                                                   |                8 |             32 |
|  ZAES_i/processing_system7_0/inst/FCLK_CLK0 |                                                                                                                                                            | ZAES_i/AES_Full_0/inst/AES_Full_AES_s_axi_U/ap_rst_n_inv                                                                                          |               25 |             42 |
|  ZAES_i/processing_system7_0/inst/FCLK_CLK0 | ZAES_i/ps7_0_axi_periph/s00_couplers/auto_pc/inst/gen_axilite.gen_b2s_conv.axilite_b2s/SI_REG/r.r_pipe/p_1_in                                              |                                                                                                                                                   |                9 |             45 |
|  ZAES_i/processing_system7_0/inst/FCLK_CLK0 | ZAES_i/ps7_0_axi_periph/s00_couplers/auto_pc/inst/gen_axilite.gen_b2s_conv.axilite_b2s/SI_REG/r.r_pipe/s_ready_i_reg_0                                     |                                                                                                                                                   |               10 |             45 |
|  ZAES_i/processing_system7_0/inst/FCLK_CLK0 | ZAES_i/AES_Full_0/inst/Nr_read_reg_34040                                                                                                                   |                                                                                                                                                   |               19 |             63 |
|  ZAES_i/processing_system7_0/inst/FCLK_CLK0 | ZAES_i/AES_Full_0/inst/AES_Full_AES_s_axi_U/int_data_out/ap_enable_reg_pp0_iter6_reg_0[0]                                                                  |                                                                                                                                                   |               29 |            112 |
|  ZAES_i/processing_system7_0/inst/FCLK_CLK0 | ZAES_i/AES_Full_0/inst/reg_28020                                                                                                                           |                                                                                                                                                   |               22 |            120 |
|  ZAES_i/processing_system7_0/inst/FCLK_CLK0 | ZAES_i/AES_Full_0/inst/ap_phi_reg_pp0_iter6_state_9_111_reg_1618                                                                                           |                                                                                                                                                   |               67 |            128 |
|  ZAES_i/processing_system7_0/inst/FCLK_CLK0 | ZAES_i/AES_Full_0/inst/ap_phi_reg_pp0_iter5_state_reg_1266                                                                                                 |                                                                                                                                                   |               34 |            128 |
|  ZAES_i/processing_system7_0/inst/FCLK_CLK0 | ZAES_i/AES_Full_0/inst/ap_phi_reg_pp0_iter2_state_reg_1266[7]_i_1_n_0                                                                                      |                                                                                                                                                   |               35 |            128 |
|  ZAES_i/processing_system7_0/inst/FCLK_CLK0 | ZAES_i/AES_Full_0/inst/ap_phi_reg_pp0_iter1_state_10_21_reg_9460                                                                                           |                                                                                                                                                   |               18 |            128 |
|  ZAES_i/processing_system7_0/inst/FCLK_CLK0 | ZAES_i/AES_Full_0/inst/ap_phi_reg_pp0_iter1_state_0_84_reg_17780                                                                                           |                                                                                                                                                   |               41 |            128 |
|  ZAES_i/processing_system7_0/inst/FCLK_CLK0 | ZAES_i/AES_Full_0/inst/reg_29950                                                                                                                           |                                                                                                                                                   |               33 |            128 |
|  ZAES_i/processing_system7_0/inst/FCLK_CLK0 | ZAES_i/AES_Full_0/inst/reg_30750                                                                                                                           |                                                                                                                                                   |               35 |            128 |
|  ZAES_i/processing_system7_0/inst/FCLK_CLK0 | ZAES_i/AES_Full_0/inst/reg_29150                                                                                                                           |                                                                                                                                                   |               30 |            128 |
|  ZAES_i/processing_system7_0/inst/FCLK_CLK0 | ZAES_i/AES_Full_0/inst/state_0_30_reg_4448[7]_i_1_n_0                                                                                                      |                                                                                                                                                   |               35 |            128 |
|  ZAES_i/processing_system7_0/inst/FCLK_CLK0 | ZAES_i/AES_Full_0/inst/state_0_54_reg_53800                                                                                                                |                                                                                                                                                   |               27 |            128 |
|  ZAES_i/processing_system7_0/inst/FCLK_CLK0 | ZAES_i/AES_Full_0/inst/state_0_24_reg_42430                                                                                                                |                                                                                                                                                   |               28 |            128 |
|  ZAES_i/processing_system7_0/inst/FCLK_CLK0 | ZAES_i/AES_Full_0/inst/state_0_27_reg_43430                                                                                                                |                                                                                                                                                   |               37 |            128 |
|  ZAES_i/processing_system7_0/inst/FCLK_CLK0 | ZAES_i/AES_Full_0/inst/state_0_42_reg_49060                                                                                                                |                                                                                                                                                   |               26 |            128 |
|  ZAES_i/processing_system7_0/inst/FCLK_CLK0 | ZAES_i/AES_Full_0/inst/state_0_21_reg_41380                                                                                                                |                                                                                                                                                   |               39 |            128 |
|  ZAES_i/processing_system7_0/inst/FCLK_CLK0 | ZAES_i/AES_Full_0/inst/state_0_85_reg_64080                                                                                                                |                                                                                                                                                   |               30 |            128 |
|  ZAES_i/processing_system7_0/inst/FCLK_CLK0 | ZAES_i/AES_Full_0/inst/state_0_66_reg_57740                                                                                                                |                                                                                                                                                   |               50 |            128 |
|  ZAES_i/processing_system7_0/inst/FCLK_CLK0 | ZAES_i/AES_Full_0/inst/state_0_63_reg_56730                                                                                                                |                                                                                                                                                   |               33 |            128 |
|  ZAES_i/processing_system7_0/inst/FCLK_CLK0 | ZAES_i/AES_Full_0/inst/state_0_75_reg_60670                                                                                                                |                                                                                                                                                   |               68 |            128 |
|  ZAES_i/processing_system7_0/inst/FCLK_CLK0 | ZAES_i/AES_Full_0/inst/state_0_82_reg_63280                                                                                                                |                                                                                                                                                   |               34 |            128 |
|  ZAES_i/processing_system7_0/inst/FCLK_CLK0 | ZAES_i/AES_Full_0/inst/state_0_55_reg_52950                                                                                                                |                                                                                                                                                   |               35 |            128 |
|  ZAES_i/processing_system7_0/inst/FCLK_CLK0 | ZAES_i/AES_Full_0/inst/state_0_15_reg_39330                                                                                                                |                                                                                                                                                   |               35 |            128 |
|  ZAES_i/processing_system7_0/inst/FCLK_CLK0 | ZAES_i/AES_Full_0/inst/state_0_57_reg_54760                                                                                                                |                                                                                                                                                   |               30 |            128 |
|  ZAES_i/processing_system7_0/inst/FCLK_CLK0 | ZAES_i/AES_Full_0/inst/state_0_45_reg_50020                                                                                                                |                                                                                                                                                   |               32 |            128 |
|  ZAES_i/processing_system7_0/inst/FCLK_CLK0 | ZAES_i/AES_Full_0/inst/state_0_39_reg_4777[7]_i_1_n_0                                                                                                      |                                                                                                                                                   |               25 |            128 |
|  ZAES_i/processing_system7_0/inst/FCLK_CLK0 | ZAES_i/AES_Full_0/inst/state_0_69_reg_58700                                                                                                                |                                                                                                                                                   |               51 |            128 |
|  ZAES_i/processing_system7_0/inst/FCLK_CLK0 | ZAES_i/AES_Full_0/inst/state_0_12_reg_38330                                                                                                                |                                                                                                                                                   |               28 |            128 |
|  ZAES_i/processing_system7_0/inst/FCLK_CLK0 | ZAES_i/AES_Full_0/inst/state_0_33_reg_4548[7]_i_1_n_0                                                                                                      |                                                                                                                                                   |               32 |            128 |
|  ZAES_i/processing_system7_0/inst/FCLK_CLK0 | ZAES_i/AES_Full_0/inst/state_0_84_reg_17780                                                                                                                |                                                                                                                                                   |               38 |            128 |
|  ZAES_i/processing_system7_0/inst/FCLK_CLK0 | ZAES_i/AES_Full_0/inst/state_0_48_reg_51030                                                                                                                |                                                                                                                                                   |               37 |            128 |
|  ZAES_i/processing_system7_0/inst/FCLK_CLK0 | ZAES_i/AES_Full_0/inst/state_0_36_reg_4653[7]_i_1_n_0                                                                                                      |                                                                                                                                                   |               31 |            128 |
|  ZAES_i/processing_system7_0/inst/FCLK_CLK0 | ZAES_i/AES_Full_0/inst/state_0_51_reg_51990                                                                                                                |                                                                                                                                                   |               41 |            128 |
|  ZAES_i/processing_system7_0/inst/FCLK_CLK0 | ZAES_i/AES_Full_0/inst/state_0_60_reg_55770                                                                                                                |                                                                                                                                                   |               26 |            128 |
|  ZAES_i/processing_system7_0/inst/FCLK_CLK0 | ZAES_i/AES_Full_0/inst/AES_Full_AES_s_axi_U/ap_enable_reg_pp0_iter5_reg[0]                                                                                 |                                                                                                                                                   |               22 |            128 |
|  ZAES_i/processing_system7_0/inst/FCLK_CLK0 | ZAES_i/AES_Full_0/inst/ap_phi_reg_pp0_iter4_state_reg_1266                                                                                                 |                                                                                                                                                   |               31 |            128 |
|  ZAES_i/processing_system7_0/inst/FCLK_CLK0 | ZAES_i/AES_Full_0/inst/state_0_18_reg_40380                                                                                                                |                                                                                                                                                   |               36 |            128 |
|  ZAES_i/processing_system7_0/inst/FCLK_CLK0 | ZAES_i/AES_Full_0/inst/ap_phi_reg_pp0_iter5_state_9_111_reg_1618                                                                                           |                                                                                                                                                   |               47 |            128 |
|  ZAES_i/processing_system7_0/inst/FCLK_CLK0 | ZAES_i/AES_Full_0/inst/ap_phi_reg_pp0_iter4_state_9_111_reg_1618                                                                                           |                                                                                                                                                   |               48 |            128 |
|  ZAES_i/processing_system7_0/inst/FCLK_CLK0 | ZAES_i/AES_Full_0/inst/ap_phi_reg_pp0_iter3_state_reg_1266                                                                                                 |                                                                                                                                                   |               40 |            128 |
|  ZAES_i/processing_system7_0/inst/FCLK_CLK0 | ZAES_i/AES_Full_0/inst/ap_phi_reg_pp0_iter3_state_9_111_reg_1618                                                                                           |                                                                                                                                                   |               40 |            128 |
|  ZAES_i/processing_system7_0/inst/FCLK_CLK0 | ZAES_i/AES_Full_0/inst/ap_phi_reg_pp0_iter2_state_0_84_reg_1778[7]_i_1_n_0                                                                                 |                                                                                                                                                   |               52 |            128 |
|  ZAES_i/processing_system7_0/inst/FCLK_CLK0 | ZAES_i/AES_Full_0/inst/state_0_72_reg_59710                                                                                                                |                                                                                                                                                   |               62 |            128 |
|  ZAES_i/processing_system7_0/inst/FCLK_CLK0 | ZAES_i/AES_Full_0/inst/state_0_9_reg_37280                                                                                                                 |                                                                                                                                                   |               40 |            138 |
|  ZAES_i/processing_system7_0/inst/FCLK_CLK0 | ZAES_i/AES_Full_0/inst/state_0_4_reg_36130                                                                                                                 |                                                                                                                                                   |               60 |            138 |
|  ZAES_i/processing_system7_0/inst/FCLK_CLK0 |                                                                                                                                                            |                                                                                                                                                   |              190 |            411 |
+---------------------------------------------+------------------------------------------------------------------------------------------------------------------------------------------------------------+---------------------------------------------------------------------------------------------------------------------------------------------------+------------------+----------------+


