Copyright 1986-2018 Xilinx, Inc. All Rights Reserved.
-----------------------------------------------------------------------------------------
| Tool Version : Vivado v.2018.3 (win64) Build 2405991 Thu Dec  6 23:38:27 MST 2018
| Date         : Tue Mar 12 16:07:40 2019
| Host         : HPLP-SM7ED running 64-bit major release  (build 9200)
| Command      : report_control_sets -verbose -file ZAES_wrapper_control_sets_placed.rpt
| Design       : ZAES_wrapper
| Device       : xc7z020
-----------------------------------------------------------------------------------------

Control Set Information

Table of Contents
-----------------
1. Summary
2. Histogram
3. Flip-Flop Distribution
4. Detailed Control Set Information

1. Summary
----------

+----------------------------------------------------------+-------+
|                          Status                          | Count |
+----------------------------------------------------------+-------+
| Number of unique control sets                            |   117 |
| Unused register locations in slices containing registers |   131 |
+----------------------------------------------------------+-------+


2. Histogram
------------

+--------+--------------+
| Fanout | Control Sets |
+--------+--------------+
|      1 |            1 |
|      2 |            1 |
|      4 |            4 |
|      5 |            4 |
|      6 |           17 |
|      8 |           24 |
|     10 |            2 |
|     12 |            1 |
|     13 |            1 |
|     14 |            2 |
|    16+ |           60 |
+--------+--------------+


3. Flip-Flop Distribution
-------------------------

+--------------+-----------------------+------------------------+-----------------+--------------+
| Clock Enable | Synchronous Set/Reset | Asynchronous Set/Reset | Total Registers | Total Slices |
+--------------+-----------------------+------------------------+-----------------+--------------+
| No           | No                    | No                     |             415 |          184 |
| No           | No                    | Yes                    |               0 |            0 |
| No           | Yes                   | No                     |              64 |           38 |
| Yes          | No                    | No                     |            6050 |         1667 |
| Yes          | No                    | Yes                    |               0 |            0 |
| Yes          | Yes                   | No                     |              68 |           24 |
+--------------+-----------------------+------------------------+-----------------+--------------+


4. Detailed Control Set Information
-----------------------------------

+---------------------------------------------+------------------------------------------------------------------------------------------------------------------------------------------------------------+---------------------------------------------------------------------------------------------------------------------------------------------------+------------------+----------------+
|                 Clock Signal                |                                                                        Enable Signal                                                                       |                                                                  Set/Reset Signal                                                                 | Slice Load Count | Bel Load Count |
+---------------------------------------------+------------------------------------------------------------------------------------------------------------------------------------------------------------+---------------------------------------------------------------------------------------------------------------------------------------------------+------------------+----------------+
|  ZAES_i/processing_system7_0/inst/FCLK_CLK0 | ZAES_i/ps7_0_axi_periph/s00_couplers/auto_pc/inst/gen_axilite.gen_b2s_conv.axilite_b2s/WR.aw_channel_0/aw_cmd_fsm_0/m_axi_awready_1                        | ZAES_i/ps7_0_axi_periph/s00_couplers/auto_pc/inst/gen_axilite.gen_b2s_conv.axilite_b2s/WR.aw_channel_0/aw_cmd_fsm_0/m_axi_awready_0               |                1 |              1 |
|  ZAES_i/processing_system7_0/inst/FCLK_CLK0 | ZAES_i/ps7_0_axi_periph/s00_couplers/auto_pc/inst/gen_axilite.gen_b2s_conv.axilite_b2s/WR.b_channel_0/bid_fifo_0/sel                                       |                                                                                                                                                   |                1 |              2 |
|  ZAES_i/processing_system7_0/inst/FCLK_CLK0 |                                                                                                                                                            | ZAES_i/rst_ps7_0_100M/U0/EXT_LPF/lpf_int                                                                                                          |                2 |              4 |
|  ZAES_i/processing_system7_0/inst/FCLK_CLK0 |                                                                                                                                                            | ZAES_i/ps7_0_axi_periph/s00_couplers/auto_pc/inst/gen_axilite.gen_b2s_conv.axilite_b2s/SI_REG/aw.aw_pipe/aresetn_d_reg[0]_0                       |                3 |              4 |
|  ZAES_i/processing_system7_0/inst/FCLK_CLK0 |                                                                                                                                                            | ZAES_i/ps7_0_axi_periph/s00_couplers/auto_pc/inst/gen_axilite.gen_b2s_conv.axilite_b2s/SI_REG/ar.ar_pipe/aresetn_d_reg[1]_inv_0                   |                3 |              4 |
|  ZAES_i/processing_system7_0/inst/FCLK_CLK0 | ZAES_i/AES_Full_0/inst/ap_CS_fsm_pp0_stage9                                                                                                                |                                                                                                                                                   |                4 |              4 |
|  ZAES_i/processing_system7_0/inst/FCLK_CLK0 | ZAES_i/ps7_0_axi_periph/s00_couplers/auto_pc/inst/gen_axilite.gen_b2s_conv.axilite_b2s/RD.r_channel_0/rd_data_fifo_0/E[0]                                  | ZAES_i/ps7_0_axi_periph/s00_couplers/auto_pc/inst/gen_axilite.gen_b2s_conv.axilite_b2s/areset_d1                                                  |                2 |              5 |
|  ZAES_i/processing_system7_0/inst/FCLK_CLK0 | ZAES_i/AES_Full_0/inst/ap_CS_fsm_pp0_stage13                                                                                                               |                                                                                                                                                   |                4 |              5 |
|  ZAES_i/processing_system7_0/inst/FCLK_CLK0 | ZAES_i/ps7_0_axi_periph/s00_couplers/auto_pc/inst/gen_axilite.gen_b2s_conv.axilite_b2s/RD.ar_channel_0/ar_cmd_fsm_0/m_valid_i_reg                          | ZAES_i/ps7_0_axi_periph/s00_couplers/auto_pc/inst/gen_axilite.gen_b2s_conv.axilite_b2s/RD.ar_channel_0/ar_cmd_fsm_0/FSM_sequential_state_reg[0]_0 |                2 |              5 |
|  ZAES_i/processing_system7_0/inst/FCLK_CLK0 | ZAES_i/ps7_0_axi_periph/s00_couplers/auto_pc/inst/gen_axilite.gen_b2s_conv.axilite_b2s/RD.r_channel_0/rd_data_fifo_0/cnt_read[4]_i_1_n_0                   | ZAES_i/ps7_0_axi_periph/s00_couplers/auto_pc/inst/gen_axilite.gen_b2s_conv.axilite_b2s/areset_d1                                                  |                2 |              5 |
|  ZAES_i/processing_system7_0/inst/FCLK_CLK0 | ZAES_i/AES_Full_0/inst/AES_Full_AES_s_axi_U/aw_hs                                                                                                          |                                                                                                                                                   |                3 |              6 |
|  ZAES_i/processing_system7_0/inst/FCLK_CLK0 | ZAES_i/rst_ps7_0_100M/U0/SEQ/seq_cnt_en                                                                                                                    | ZAES_i/rst_ps7_0_100M/U0/SEQ/SEQ_COUNTER/clear                                                                                                    |                1 |              6 |
|  ZAES_i/processing_system7_0/inst/FCLK_CLK0 | ZAES_i/AES_Full_0/inst/tmp_3_reg_57050                                                                                                                     |                                                                                                                                                   |                4 |              6 |
|  ZAES_i/processing_system7_0/inst/FCLK_CLK0 | ZAES_i/AES_Full_0/inst/tmp_151_s_reg_59080                                                                                                                 |                                                                                                                                                   |                2 |              6 |
|  ZAES_i/processing_system7_0/inst/FCLK_CLK0 | ZAES_i/AES_Full_0/inst/tmp_151_9_reg_59030                                                                                                                 |                                                                                                                                                   |                4 |              6 |
|  ZAES_i/processing_system7_0/inst/FCLK_CLK0 | ZAES_i/AES_Full_0/inst/tmp_151_8_reg_58740                                                                                                                 |                                                                                                                                                   |                1 |              6 |
|  ZAES_i/processing_system7_0/inst/FCLK_CLK0 | ZAES_i/AES_Full_0/inst/p_88_in                                                                                                                             |                                                                                                                                                   |                3 |              6 |
|  ZAES_i/processing_system7_0/inst/FCLK_CLK0 | ZAES_i/AES_Full_0/inst/tmp_151_12_reg_62590                                                                                                                |                                                                                                                                                   |                2 |              6 |
|  ZAES_i/processing_system7_0/inst/FCLK_CLK0 | ZAES_i/AES_Full_0/inst/tmp_151_6_reg_57760                                                                                                                 |                                                                                                                                                   |                3 |              6 |
|  ZAES_i/processing_system7_0/inst/FCLK_CLK0 | ZAES_i/AES_Full_0/inst/tmp_151_3_reg_57490                                                                                                                 |                                                                                                                                                   |                2 |              6 |
|  ZAES_i/processing_system7_0/inst/FCLK_CLK0 | ZAES_i/AES_Full_0/inst/ap_CS_fsm_pp0_stage15                                                                                                               | ZAES_i/AES_Full_0/inst/AES_Full_AES_s_axi_U/ap_rst_n_inv                                                                                          |                3 |              6 |
|  ZAES_i/processing_system7_0/inst/FCLK_CLK0 | ZAES_i/AES_Full_0/inst/tmp_151_11_reg_59180                                                                                                                |                                                                                                                                                   |                1 |              6 |
|  ZAES_i/processing_system7_0/inst/FCLK_CLK0 | ZAES_i/AES_Full_0/inst/tmp_151_5_reg_5767[5]_i_1_n_0                                                                                                       |                                                                                                                                                   |                3 |              6 |
|  ZAES_i/processing_system7_0/inst/FCLK_CLK0 | ZAES_i/AES_Full_0/inst/tmp_151_2_reg_57400                                                                                                                 |                                                                                                                                                   |                2 |              6 |
|  ZAES_i/processing_system7_0/inst/FCLK_CLK0 | ZAES_i/AES_Full_0/inst/p_91_in                                                                                                                             |                                                                                                                                                   |                3 |              6 |
|  ZAES_i/processing_system7_0/inst/FCLK_CLK0 | ZAES_i/AES_Full_0/inst/p_90_in                                                                                                                             |                                                                                                                                                   |                1 |              6 |
|  ZAES_i/processing_system7_0/inst/FCLK_CLK0 | ZAES_i/AES_Full_0/inst/tmp_151_10_reg_59130                                                                                                                |                                                                                                                                                   |                3 |              6 |
|  ZAES_i/processing_system7_0/inst/FCLK_CLK0 | ZAES_i/AES_Full_0/inst/AES_Full_AES_s_axi_U/ap_CS_fsm_reg[8][0]                                                                                            |                                                                                                                                                   |                2 |              8 |
|  ZAES_i/processing_system7_0/inst/FCLK_CLK0 | ZAES_i/ps7_0_axi_periph/s00_couplers/auto_pc/inst/gen_axilite.gen_b2s_conv.axilite_b2s/WR.aw_channel_0/aw_cmd_fsm_0/E[0]                                   |                                                                                                                                                   |                4 |              8 |
|  ZAES_i/processing_system7_0/inst/FCLK_CLK0 | ZAES_i/ps7_0_axi_periph/s00_couplers/auto_pc/inst/gen_axilite.gen_b2s_conv.axilite_b2s/WR.aw_channel_0/cmd_translator_0/incr_cmd_0/axaddr_incr[11]_i_1_n_0 |                                                                                                                                                   |                3 |              8 |
|  ZAES_i/processing_system7_0/inst/FCLK_CLK0 | ZAES_i/AES_Full_0/inst/AES_Full_AES_s_axi_U/E[0]                                                                                                           |                                                                                                                                                   |                3 |              8 |
|  ZAES_i/processing_system7_0/inst/FCLK_CLK0 | ZAES_i/AES_Full_0/inst/AES_Full_AES_s_axi_U/ap_CS_fsm_reg[10][0]                                                                                           |                                                                                                                                                   |                1 |              8 |
|  ZAES_i/processing_system7_0/inst/FCLK_CLK0 | ZAES_i/AES_Full_0/inst/AES_Full_AES_s_axi_U/ap_CS_fsm_reg[11][0]                                                                                           |                                                                                                                                                   |                1 |              8 |
|  ZAES_i/processing_system7_0/inst/FCLK_CLK0 | ZAES_i/AES_Full_0/inst/AES_Full_AES_s_axi_U/ap_CS_fsm_reg[13][0]                                                                                           |                                                                                                                                                   |                2 |              8 |
|  ZAES_i/processing_system7_0/inst/FCLK_CLK0 | ZAES_i/AES_Full_0/inst/AES_Full_AES_s_axi_U/ap_CS_fsm_reg[14][0]                                                                                           |                                                                                                                                                   |                2 |              8 |
|  ZAES_i/processing_system7_0/inst/FCLK_CLK0 | ZAES_i/AES_Full_0/inst/AES_Full_AES_s_axi_U/ap_CS_fsm_reg[4][0]                                                                                            |                                                                                                                                                   |                2 |              8 |
|  ZAES_i/processing_system7_0/inst/FCLK_CLK0 | ZAES_i/AES_Full_0/inst/AES_Full_AES_s_axi_U/ap_CS_fsm_reg[2][0]                                                                                            |                                                                                                                                                   |                1 |              8 |
|  ZAES_i/processing_system7_0/inst/FCLK_CLK0 | ZAES_i/ps7_0_axi_periph/s00_couplers/auto_pc/inst/gen_axilite.gen_b2s_conv.axilite_b2s/WR.b_channel_0/mhandshake_r                                         | ZAES_i/ps7_0_axi_periph/s00_couplers/auto_pc/inst/gen_axilite.gen_b2s_conv.axilite_b2s/WR.b_channel_0/bid_fifo_0/SR[0]                            |                3 |              8 |
|  ZAES_i/processing_system7_0/inst/FCLK_CLK0 | ZAES_i/AES_Full_0/inst/AES_Full_AES_s_axi_U/ap_CS_fsm_reg[3][0]                                                                                            |                                                                                                                                                   |                2 |              8 |
|  ZAES_i/processing_system7_0/inst/FCLK_CLK0 | ZAES_i/AES_Full_0/inst/AES_Full_AES_s_axi_U/ap_CS_fsm_reg[9][0]                                                                                            |                                                                                                                                                   |                1 |              8 |
|  ZAES_i/processing_system7_0/inst/FCLK_CLK0 | ZAES_i/AES_Full_0/inst/AES_Full_AES_s_axi_U/ap_CS_fsm_reg[1][0]                                                                                            |                                                                                                                                                   |                1 |              8 |
|  ZAES_i/processing_system7_0/inst/FCLK_CLK0 | ZAES_i/AES_Full_0/inst/AES_Full_AES_s_axi_U/ap_CS_fsm_reg[5][0]                                                                                            |                                                                                                                                                   |                1 |              8 |
|  ZAES_i/processing_system7_0/inst/FCLK_CLK0 | ZAES_i/AES_Full_0/inst/AES_Full_AES_s_axi_U/ap_CS_fsm_reg[7][0]                                                                                            |                                                                                                                                                   |                1 |              8 |
|  ZAES_i/processing_system7_0/inst/FCLK_CLK0 | ZAES_i/AES_Full_0/inst/AES_Full_AES_s_axi_U/ap_CS_fsm_reg[6][0]                                                                                            |                                                                                                                                                   |                3 |              8 |
|  ZAES_i/processing_system7_0/inst/FCLK_CLK0 | ZAES_i/AES_Full_0/inst/AES_Full_AES_s_axi_U/rdata[31]_i_2_n_0                                                                                              |                                                                                                                                                   |                3 |              8 |
|  ZAES_i/processing_system7_0/inst/FCLK_CLK0 | ZAES_i/AES_Full_0/inst/ap_phi_reg_pp0_iter6_state_1_49_reg_1386[7]_i_1_n_0                                                                                 |                                                                                                                                                   |                2 |              8 |
|  ZAES_i/processing_system7_0/inst/FCLK_CLK0 | ZAES_i/ps7_0_axi_periph/s00_couplers/auto_pc/inst/gen_axilite.gen_b2s_conv.axilite_b2s/RD.ar_channel_0/ar_cmd_fsm_0/E[0]                                   |                                                                                                                                                   |                3 |              8 |
|  ZAES_i/processing_system7_0/inst/FCLK_CLK0 | ZAES_i/ps7_0_axi_periph/s00_couplers/auto_pc/inst/gen_axilite.gen_b2s_conv.axilite_b2s/RD.ar_channel_0/ar_cmd_fsm_0/sel_first_reg[0]                       |                                                                                                                                                   |                3 |              8 |
|  ZAES_i/processing_system7_0/inst/FCLK_CLK0 | ZAES_i/AES_Full_0/inst/reg_29490                                                                                                                           |                                                                                                                                                   |                2 |              8 |
|  ZAES_i/processing_system7_0/inst/FCLK_CLK0 | ZAES_i/AES_Full_0/inst/AES_Full_AES_s_axi_U/ap_CS_fsm_reg[12][0]                                                                                           |                                                                                                                                                   |                1 |              8 |
|  ZAES_i/processing_system7_0/inst/FCLK_CLK0 | ZAES_i/AES_Full_0/inst/AES_Full_AES_s_axi_U/int_Nr[7]_i_1_n_0                                                                                              | ZAES_i/AES_Full_0/inst/AES_Full_AES_s_axi_U/ap_rst_n_inv                                                                                          |                1 |              8 |
|  ZAES_i/processing_system7_0/inst/FCLK_CLK0 |                                                                                                                                                            | ZAES_i/ps7_0_axi_periph/s00_couplers/auto_pc/inst/gen_axilite.gen_b2s_conv.axilite_b2s/areset_d1                                                  |                4 |             10 |
|  ZAES_i/processing_system7_0/inst/FCLK_CLK0 | ZAES_i/AES_Full_0/inst/reg_33061                                                                                                                           |                                                                                                                                                   |                4 |             10 |
|  ZAES_i/processing_system7_0/inst/FCLK_CLK0 | ZAES_i/AES_Full_0/inst/ap_CS_fsm_pp0_stage8                                                                                                                |                                                                                                                                                   |                5 |             12 |
|  ZAES_i/processing_system7_0/inst/FCLK_CLK0 | ZAES_i/ps7_0_axi_periph/s00_couplers/auto_pc/inst/gen_axilite.gen_b2s_conv.axilite_b2s/RD.r_channel_0/r_push_r                                             |                                                                                                                                                   |                4 |             13 |
|  ZAES_i/processing_system7_0/inst/FCLK_CLK0 | ZAES_i/ps7_0_axi_periph/s00_couplers/auto_pc/inst/gen_axilite.gen_b2s_conv.axilite_b2s/SI_REG/b.b_pipe/p_1_in                                              |                                                                                                                                                   |                2 |             14 |
|  ZAES_i/processing_system7_0/inst/FCLK_CLK0 | ZAES_i/ps7_0_axi_periph/s00_couplers/auto_pc/inst/gen_axilite.gen_b2s_conv.axilite_b2s/SI_REG/b.b_pipe/s_ready_i_reg_0                                     |                                                                                                                                                   |                2 |             14 |
|  ZAES_i/processing_system7_0/inst/FCLK_CLK0 | ZAES_i/ps7_0_axi_periph/s00_couplers/auto_pc/inst/gen_axilite.gen_b2s_conv.axilite_b2s/WR.aw_channel_0/aw_cmd_fsm_0/b_push                                 |                                                                                                                                                   |                3 |             16 |
|  ZAES_i/processing_system7_0/inst/FCLK_CLK0 | ZAES_i/ps7_0_axi_periph/s00_couplers/auto_pc/inst/gen_axilite.gen_b2s_conv.axilite_b2s/RD.ar_channel_0/ar_cmd_fsm_0/m_valid_i_reg                          |                                                                                                                                                   |                6 |             17 |
|  ZAES_i/processing_system7_0/inst/FCLK_CLK0 | ZAES_i/ps7_0_axi_periph/s00_couplers/auto_pc/inst/gen_axilite.gen_b2s_conv.axilite_b2s/WR.aw_channel_0/aw_cmd_fsm_0/m_axi_awready_1                        |                                                                                                                                                   |                8 |             21 |
|  ZAES_i/processing_system7_0/inst/FCLK_CLK0 | ZAES_i/AES_Full_0/inst/AES_Full_AES_s_axi_U/rdata[31]_i_2_n_0                                                                                              | ZAES_i/AES_Full_0/inst/AES_Full_AES_s_axi_U/rdata[31]_i_1_n_0                                                                                     |                9 |             24 |
|  ZAES_i/processing_system7_0/inst/FCLK_CLK0 | ZAES_i/ps7_0_axi_periph/s00_couplers/auto_pc/inst/gen_axilite.gen_b2s_conv.axilite_b2s/RD.ar_channel_0/ar_cmd_fsm_0/FSM_sequential_state_reg[1]_0[0]       |                                                                                                                                                   |                7 |             28 |
|  ZAES_i/processing_system7_0/inst/FCLK_CLK0 | ZAES_i/ps7_0_axi_periph/s00_couplers/auto_pc/inst/gen_axilite.gen_b2s_conv.axilite_b2s/WR.aw_channel_0/aw_cmd_fsm_0/m_valid_i_reg[0]                       |                                                                                                                                                   |                5 |             28 |
|  ZAES_i/processing_system7_0/inst/FCLK_CLK0 | ZAES_i/ps7_0_axi_periph/s00_couplers/auto_pc/inst/gen_axilite.gen_b2s_conv.axilite_b2s/SI_REG/aw.aw_pipe/s_ready_i_reg_0                                   |                                                                                                                                                   |                6 |             28 |
|  ZAES_i/processing_system7_0/inst/FCLK_CLK0 | ZAES_i/ps7_0_axi_periph/s00_couplers/auto_pc/inst/gen_axilite.gen_b2s_conv.axilite_b2s/SI_REG/ar.ar_pipe/s_ready_i_reg_0                                   |                                                                                                                                                   |                9 |             28 |
|  ZAES_i/processing_system7_0/inst/FCLK_CLK0 | ZAES_i/AES_Full_0/inst/rdata_reg[31]_i_4_n_0                                                                                                               |                                                                                                                                                   |                8 |             32 |
|  ZAES_i/processing_system7_0/inst/FCLK_CLK0 | ZAES_i/AES_Full_0/inst/reg_2874_reg[7]_i_6_n_0                                                                                                             |                                                                                                                                                   |                8 |             32 |
|  ZAES_i/processing_system7_0/inst/FCLK_CLK0 | ZAES_i/ps7_0_axi_periph/s00_couplers/auto_pc/inst/gen_axilite.gen_b2s_conv.axilite_b2s/RD.r_channel_0/rd_data_fifo_0/wr_en0                                |                                                                                                                                                   |                8 |             32 |
|  ZAES_i/processing_system7_0/inst/FCLK_CLK0 | ZAES_i/AES_Full_0/inst/ap_CS_fsm_pp0_stage7                                                                                                                |                                                                                                                                                   |               10 |             32 |
|  ZAES_i/processing_system7_0/inst/FCLK_CLK0 | ZAES_i/AES_Full_0/inst/rdata_reg[31]_i_8_n_0                                                                                                               |                                                                                                                                                   |                8 |             32 |
|  ZAES_i/processing_system7_0/inst/FCLK_CLK0 |                                                                                                                                                            | ZAES_i/AES_Full_0/inst/AES_Full_AES_s_axi_U/ap_rst_n_inv                                                                                          |               26 |             42 |
|  ZAES_i/processing_system7_0/inst/FCLK_CLK0 | ZAES_i/ps7_0_axi_periph/s00_couplers/auto_pc/inst/gen_axilite.gen_b2s_conv.axilite_b2s/SI_REG/r.r_pipe/s_ready_i_reg_0                                     |                                                                                                                                                   |               12 |             45 |
|  ZAES_i/processing_system7_0/inst/FCLK_CLK0 | ZAES_i/ps7_0_axi_periph/s00_couplers/auto_pc/inst/gen_axilite.gen_b2s_conv.axilite_b2s/SI_REG/r.r_pipe/p_1_in                                              |                                                                                                                                                   |               10 |             45 |
|  ZAES_i/processing_system7_0/inst/FCLK_CLK0 | ZAES_i/AES_Full_0/inst/Nr_read_reg_54590                                                                                                                   |                                                                                                                                                   |               19 |             64 |
|  ZAES_i/processing_system7_0/inst/FCLK_CLK0 | ZAES_i/AES_Full_0/inst/ap_CS_fsm_pp0_stage3                                                                                                                |                                                                                                                                                   |               25 |             74 |
|  ZAES_i/processing_system7_0/inst/FCLK_CLK0 | ZAES_i/AES_Full_0/inst/state_1_10_43_reg_16070                                                                                                             |                                                                                                                                                   |               27 |            112 |
|  ZAES_i/processing_system7_0/inst/FCLK_CLK0 | ZAES_i/AES_Full_0/inst/ap_phi_reg_pp0_iter6_state_1_9_44_reg_1644                                                                                          |                                                                                                                                                   |               34 |            120 |
|  ZAES_i/processing_system7_0/inst/FCLK_CLK0 | ZAES_i/AES_Full_0/inst/state_0_94_reg_60030                                                                                                                |                                                                                                                                                   |               31 |            128 |
|  ZAES_i/processing_system7_0/inst/FCLK_CLK0 | ZAES_i/AES_Full_0/inst/reg_36100                                                                                                                           |                                                                                                                                                   |               40 |            128 |
|  ZAES_i/processing_system7_0/inst/FCLK_CLK0 | ZAES_i/AES_Full_0/inst/state_0_95_reg_59230                                                                                                                |                                                                                                                                                   |               37 |            128 |
|  ZAES_i/processing_system7_0/inst/FCLK_CLK0 | ZAES_i/AES_Full_0/inst/state_0_96_reg_61790                                                                                                                |                                                                                                                                                   |               35 |            128 |
|  ZAES_i/processing_system7_0/inst/FCLK_CLK0 | ZAES_i/AES_Full_0/inst/reg_45540                                                                                                                           |                                                                                                                                                   |               58 |            128 |
|  ZAES_i/processing_system7_0/inst/FCLK_CLK0 | ZAES_i/AES_Full_0/inst/reg_50020                                                                                                                           |                                                                                                                                                   |               40 |            128 |
|  ZAES_i/processing_system7_0/inst/FCLK_CLK0 | ZAES_i/AES_Full_0/inst/state_0_99_reg_60990                                                                                                                |                                                                                                                                                   |               27 |            128 |
|  ZAES_i/processing_system7_0/inst/FCLK_CLK0 | ZAES_i/AES_Full_0/inst/state_10_22_reg_9790                                                                                                                |                                                                                                                                                   |               33 |            128 |
|  ZAES_i/processing_system7_0/inst/FCLK_CLK0 | ZAES_i/AES_Full_0/inst/reg_43620                                                                                                                           |                                                                                                                                                   |               37 |            128 |
|  ZAES_i/processing_system7_0/inst/FCLK_CLK0 | ZAES_i/AES_Full_0/inst/reg_38180                                                                                                                           |                                                                                                                                                   |               40 |            128 |
|  ZAES_i/processing_system7_0/inst/FCLK_CLK0 | ZAES_i/AES_Full_0/inst/state_0_61_reg_57940                                                                                                                |                                                                                                                                                   |               32 |            128 |
|  ZAES_i/processing_system7_0/inst/FCLK_CLK0 | ZAES_i/AES_Full_0/inst/ap_phi_reg_pp0_iter2_state_1_9_44_reg_1644                                                                                          |                                                                                                                                                   |               40 |            128 |
|  ZAES_i/processing_system7_0/inst/FCLK_CLK0 | ZAES_i/AES_Full_0/inst/reg_42500                                                                                                                           |                                                                                                                                                   |               29 |            128 |
|  ZAES_i/processing_system7_0/inst/FCLK_CLK0 | ZAES_i/AES_Full_0/inst/reg_44740                                                                                                                           |                                                                                                                                                   |               35 |            128 |
|  ZAES_i/processing_system7_0/inst/FCLK_CLK0 | ZAES_i/AES_Full_0/inst/reg_34980                                                                                                                           |                                                                                                                                                   |               33 |            128 |
|  ZAES_i/processing_system7_0/inst/FCLK_CLK0 | ZAES_i/AES_Full_0/inst/reg_46660                                                                                                                           |                                                                                                                                                   |               41 |            128 |
|  ZAES_i/processing_system7_0/inst/FCLK_CLK0 | ZAES_i/AES_Full_0/inst/reg_37220                                                                                                                           |                                                                                                                                                   |               37 |            128 |
|  ZAES_i/processing_system7_0/inst/FCLK_CLK0 | ZAES_i/AES_Full_0/inst/reg_51140                                                                                                                           |                                                                                                                                                   |               73 |            128 |
|  ZAES_i/processing_system7_0/inst/FCLK_CLK0 | ZAES_i/AES_Full_0/inst/reg_39300                                                                                                                           |                                                                                                                                                   |               47 |            128 |
|  ZAES_i/processing_system7_0/inst/FCLK_CLK0 | ZAES_i/AES_Full_0/inst/reg_48900                                                                                                                           |                                                                                                                                                   |               42 |            128 |
|  ZAES_i/processing_system7_0/inst/FCLK_CLK0 | ZAES_i/AES_Full_0/inst/reg_41540                                                                                                                           |                                                                                                                                                   |               40 |            128 |
|  ZAES_i/processing_system7_0/inst/FCLK_CLK0 | ZAES_i/AES_Full_0/inst/ap_phi_reg_pp0_iter1_state_10_22_reg_9790                                                                                           |                                                                                                                                                   |               22 |            128 |
|  ZAES_i/processing_system7_0/inst/FCLK_CLK0 | ZAES_i/AES_Full_0/inst/ap_phi_reg_pp0_iter1_state_1_10_43_reg_16070                                                                                        |                                                                                                                                                   |               27 |            128 |
|  ZAES_i/processing_system7_0/inst/FCLK_CLK0 | ZAES_i/AES_Full_0/inst/ap_phi_reg_pp0_iter6_state_reg_1349                                                                                                 |                                                                                                                                                   |               21 |            128 |
|  ZAES_i/processing_system7_0/inst/FCLK_CLK0 | ZAES_i/AES_Full_0/inst/ap_phi_reg_pp0_iter2_state_reg_1349                                                                                                 |                                                                                                                                                   |               22 |            128 |
|  ZAES_i/processing_system7_0/inst/FCLK_CLK0 | ZAES_i/AES_Full_0/inst/ap_phi_reg_pp0_iter5_state_reg_1349                                                                                                 |                                                                                                                                                   |               38 |            128 |
|  ZAES_i/processing_system7_0/inst/FCLK_CLK0 | ZAES_i/AES_Full_0/inst/ap_phi_reg_pp0_iter4_state_reg_1349                                                                                                 |                                                                                                                                                   |               21 |            128 |
|  ZAES_i/processing_system7_0/inst/FCLK_CLK0 | ZAES_i/AES_Full_0/inst/ap_phi_reg_pp0_iter5_state_1_9_44_reg_1644                                                                                          |                                                                                                                                                   |               35 |            128 |
|  ZAES_i/processing_system7_0/inst/FCLK_CLK0 | ZAES_i/AES_Full_0/inst/reg_30500                                                                                                                           |                                                                                                                                                   |               28 |            128 |
|  ZAES_i/processing_system7_0/inst/FCLK_CLK0 | ZAES_i/AES_Full_0/inst/reg_29540                                                                                                                           |                                                                                                                                                   |               25 |            128 |
|  ZAES_i/processing_system7_0/inst/FCLK_CLK0 | ZAES_i/AES_Full_0/inst/ap_phi_reg_pp0_iter3_state_1_9_44_reg_1644                                                                                          |                                                                                                                                                   |               25 |            128 |
|  ZAES_i/processing_system7_0/inst/FCLK_CLK0 | ZAES_i/AES_Full_0/inst/reg_33060                                                                                                                           |                                                                                                                                                   |               36 |            128 |
|  ZAES_i/processing_system7_0/inst/FCLK_CLK0 | ZAES_i/AES_Full_0/inst/ap_phi_reg_pp0_iter4_state_1_9_44_reg_1644                                                                                          |                                                                                                                                                   |               21 |            128 |
|  ZAES_i/processing_system7_0/inst/FCLK_CLK0 | ZAES_i/AES_Full_0/inst/ap_phi_reg_pp0_iter3_state_reg_1349                                                                                                 |                                                                                                                                                   |               37 |            128 |
|  ZAES_i/processing_system7_0/inst/FCLK_CLK0 | ZAES_i/AES_Full_0/inst/reg_32260                                                                                                                           |                                                                                                                                                   |               33 |            128 |
|  ZAES_i/processing_system7_0/inst/FCLK_CLK0 | ZAES_i/AES_Full_0/inst/reg_31300                                                                                                                           |                                                                                                                                                   |               35 |            128 |
|  ZAES_i/processing_system7_0/inst/FCLK_CLK0 | ZAES_i/AES_Full_0/inst/reg_34180                                                                                                                           |                                                                                                                                                   |               32 |            128 |
|  ZAES_i/processing_system7_0/inst/FCLK_CLK0 | ZAES_i/AES_Full_0/inst/reg_40420                                                                                                                           |                                                                                                                                                   |               51 |            128 |
|  ZAES_i/processing_system7_0/inst/FCLK_CLK0 | ZAES_i/AES_Full_0/inst/reg_47780                                                                                                                           |                                                                                                                                                   |               27 |            128 |
|  ZAES_i/processing_system7_0/inst/FCLK_CLK0 |                                                                                                                                                            |                                                                                                                                                   |              185 |            416 |
+---------------------------------------------+------------------------------------------------------------------------------------------------------------------------------------------------------------+---------------------------------------------------------------------------------------------------------------------------------------------------+------------------+----------------+


